---
source: crates/crane/src/parser.rs
expression: parser.parse()
input_file: crates/crane/src/snapshot_inputs/union_decls.crane
---
Ok:
  - kind:
      Union:
        variants:
          - name:
              name: "True"
              span:
                start: 17
                end: 21
            data: Unit
            span:
              start: 17
              end: 21
          - name:
              name: "False"
              span:
                start: 27
                end: 32
            data: Unit
            span:
              start: 27
              end: 32
    name:
      name: Bool
      span:
        start: 6
        end: 10

