---
source: crates/crane/src/lexer.rs
expression: "lexer.into_iter().collect::<Vec<_>>()"
input_file: crates/crane/src/snapshot_inputs/hello_world.crane
---
- Ok:
    kind: Ident
    lexeme: use
    span:
      start: 0
      end: 3
- Ok:
    kind: Ident
    lexeme: std
    span:
      start: 4
      end: 7
- Ok:
    kind: ColonColon
    lexeme: "::"
    span:
      start: 7
      end: 9
- Ok:
    kind: Ident
    lexeme: io
    span:
      start: 9
      end: 11
- Ok:
    kind: ColonColon
    lexeme: "::"
    span:
      start: 11
      end: 13
- Ok:
    kind: Ident
    lexeme: println
    span:
      start: 13
      end: 20
- Ok:
    kind: Ident
    lexeme: pub
    span:
      start: 22
      end: 25
- Ok:
    kind: Ident
    lexeme: fn
    span:
      start: 26
      end: 28
- Ok:
    kind: Ident
    lexeme: main
    span:
      start: 29
      end: 33
- Ok:
    kind: OpenParen
    lexeme: (
    span:
      start: 33
      end: 34
- Ok:
    kind: CloseParen
    lexeme: )
    span:
      start: 34
      end: 35
- Ok:
    kind: OpenBrace
    lexeme: "{"
    span:
      start: 36
      end: 37
- Ok:
    kind: Ident
    lexeme: println
    span:
      start: 42
      end: 49
- Ok:
    kind: OpenParen
    lexeme: (
    span:
      start: 49
      end: 50
- Ok:
    kind: String
    lexeme: "\"Hello, world!\""
    span:
      start: 50
      end: 65
- Ok:
    kind: CloseParen
    lexeme: )
    span:
      start: 65
      end: 66
- Ok:
    kind: CloseBrace
    lexeme: "}"
    span:
      start: 67
      end: 68

