---
source: crates/crane/src/lexer.rs
expression: "lexer.into_iter().collect::<Vec<_>>()"
input_file: crates/crane/src/snapshot_inputs/function_return_types.crane
---
- Ok:
    kind: Ident
    lexeme: fn
    span:
      start: 0
      end: 2
- Ok:
    kind: Ident
    lexeme: main
    span:
      start: 3
      end: 7
- Ok:
    kind: OpenParen
    lexeme: (
    span:
      start: 7
      end: 8
- Ok:
    kind: CloseParen
    lexeme: )
    span:
      start: 8
      end: 9
- Ok:
    kind: OpenBrace
    lexeme: "{"
    span:
      start: 10
      end: 11
- Ok:
    kind: Ident
    lexeme: println
    span:
      start: 16
      end: 23
- Ok:
    kind: OpenParen
    lexeme: (
    span:
      start: 23
      end: 24
- Ok:
    kind: Ident
    lexeme: int_to_string
    span:
      start: 24
      end: 37
- Ok:
    kind: OpenParen
    lexeme: (
    span:
      start: 37
      end: 38
- Ok:
    kind: Ident
    lexeme: add_10
    span:
      start: 38
      end: 44
- Ok:
    kind: OpenParen
    lexeme: (
    span:
      start: 44
      end: 45
- Ok:
    kind: Integer
    lexeme: "5"
    span:
      start: 45
      end: 46
- Ok:
    kind: CloseParen
    lexeme: )
    span:
      start: 46
      end: 47
- Ok:
    kind: CloseParen
    lexeme: )
    span:
      start: 47
      end: 48
- Ok:
    kind: CloseParen
    lexeme: )
    span:
      start: 48
      end: 49
- Ok:
    kind: CloseBrace
    lexeme: "}"
    span:
      start: 50
      end: 51
- Ok:
    kind: Ident
    lexeme: fn
    span:
      start: 53
      end: 55
- Ok:
    kind: Ident
    lexeme: add_10
    span:
      start: 56
      end: 62
- Ok:
    kind: OpenParen
    lexeme: (
    span:
      start: 62
      end: 63
- Ok:
    kind: Ident
    lexeme: n
    span:
      start: 63
      end: 64
- Ok:
    kind: Colon
    lexeme: ":"
    span:
      start: 64
      end: 65
- Ok:
    kind: Ident
    lexeme: Uint64
    span:
      start: 66
      end: 72
- Ok:
    kind: CloseParen
    lexeme: )
    span:
      start: 72
      end: 73
- Ok:
    kind: RightArrow
    lexeme: "->"
    span:
      start: 74
      end: 76
- Ok:
    kind: Ident
    lexeme: Uint64
    span:
      start: 77
      end: 83
- Ok:
    kind: OpenBrace
    lexeme: "{"
    span:
      start: 84
      end: 85
- Ok:
    kind: Ident
    lexeme: int_add
    span:
      start: 90
      end: 97
- Ok:
    kind: OpenParen
    lexeme: (
    span:
      start: 97
      end: 98
- Ok:
    kind: Ident
    lexeme: n
    span:
      start: 98
      end: 99
- Ok:
    kind: Comma
    lexeme: ","
    span:
      start: 99
      end: 100
- Ok:
    kind: Integer
    lexeme: "10"
    span:
      start: 101
      end: 103
- Ok:
    kind: CloseParen
    lexeme: )
    span:
      start: 103
      end: 104
- Ok:
    kind: CloseBrace
    lexeme: "}"
    span:
      start: 105
      end: 106

