---
source: crates/crane/src/compiler.rs
expression: "&stderr"
---
Error: A type error occurred.
   ╭─[snake_case.crane:1:2]
   │
 1 │ struct snake_cased_struct {
   │        ─────────┬────────  
   │                 ╰────────── Struct names must be written in PascalCase.
   │                 │          
   │                 ╰────────── Try writing it as `SnakeCasedStruct` instead.
───╯

