---
source: crates/crane/src/typer.rs
expression: typer.type_check_module(module)
input_file: crates/crane/src/snapshot_inputs/let_bindings.crane
---
Ok:
  items:
    - kind:
        Fn:
          params: []
          return_ty:
            UserDefined:
              module: "std::prelude"
              name: ()
          body:
            - kind:
                Local:
                  kind:
                    Init:
                      kind:
                        Literal:
                          kind:
                            String: "\"Arya\""
                          span:
                            start: 31
                            end: 37
                      span:
                        start: 31
                        end: 37
                      ty:
                        UserDefined:
                          module: "std::prelude"
                          name: String
                  name:
                    name: name
                    span:
                      start: 24
                      end: 28
                  ty:
                    UserDefined:
                      module: "std::prelude"
                      name: String
                  span:
                    start: 24
                    end: 28
              span:
                start: 24
                end: 28
            - kind:
                Local:
                  kind:
                    Init:
                      kind:
                        Literal:
                          kind:
                            Integer:
                              Unsigned:
                                - 100
                                - Uint64
                          span:
                            start: 53
                            end: 56
                      span:
                        start: 53
                        end: 56
                      ty:
                        UserDefined:
                          module: "std::prelude"
                          name: Uint64
                  name:
                    name: gold
                    span:
                      start: 46
                      end: 50
                  ty:
                    UserDefined:
                      module: "std::prelude"
                      name: Uint64
                  span:
                    start: 46
                    end: 50
              span:
                start: 46
                end: 50
            - kind:
                Expr:
                  kind:
                    Call:
                      fun:
                        kind:
                          Variable:
                            name:
                              name: print
                              span:
                                start: 62
                                end: 67
                        span:
                          start: 62
                          end: 67
                        ty:
                          UserDefined:
                            module: "?"
                            name: "?"
                      args:
                        - kind:
                            Literal:
                              kind:
                                String: "\"Hello, \""
                              span:
                                start: 68
                                end: 77
                          span:
                            start: 68
                            end: 77
                          ty:
                            UserDefined:
                              module: "std::prelude"
                              name: String
                  span:
                    start: 62
                    end: 67
                  ty:
                    UserDefined:
                      module: "std::prelude"
                      name: ()
              span:
                start: 62
                end: 67
            - kind:
                Expr:
                  kind:
                    Call:
                      fun:
                        kind:
                          Variable:
                            name:
                              name: print
                              span:
                                start: 83
                                end: 88
                        span:
                          start: 83
                          end: 88
                        ty:
                          UserDefined:
                            module: "?"
                            name: "?"
                      args:
                        - kind:
                            Variable:
                              name:
                                name: name
                                span:
                                  start: 89
                                  end: 93
                          span:
                            start: 89
                            end: 93
                          ty:
                            UserDefined:
                              module: "std::prelude"
                              name: String
                  span:
                    start: 83
                    end: 88
                  ty:
                    UserDefined:
                      module: "std::prelude"
                      name: ()
              span:
                start: 83
                end: 88
            - kind:
                Expr:
                  kind:
                    Call:
                      fun:
                        kind:
                          Variable:
                            name:
                              name: println
                              span:
                                start: 99
                                end: 106
                        span:
                          start: 99
                          end: 106
                        ty:
                          UserDefined:
                            module: "?"
                            name: "?"
                      args:
                        - kind:
                            Literal:
                              kind:
                                String: "\".\""
                              span:
                                start: 107
                                end: 110
                          span:
                            start: 107
                            end: 110
                          ty:
                            UserDefined:
                              module: "std::prelude"
                              name: String
                  span:
                    start: 99
                    end: 106
                  ty:
                    UserDefined:
                      module: "std::prelude"
                      name: ()
              span:
                start: 99
                end: 106
            - kind:
                Expr:
                  kind:
                    Call:
                      fun:
                        kind:
                          Variable:
                            name:
                              name: print
                              span:
                                start: 117
                                end: 122
                        span:
                          start: 117
                          end: 122
                        ty:
                          UserDefined:
                            module: "?"
                            name: "?"
                      args:
                        - kind:
                            Literal:
                              kind:
                                String: "\"You currently have \""
                              span:
                                start: 123
                                end: 144
                          span:
                            start: 123
                            end: 144
                          ty:
                            UserDefined:
                              module: "std::prelude"
                              name: String
                  span:
                    start: 117
                    end: 122
                  ty:
                    UserDefined:
                      module: "std::prelude"
                      name: ()
              span:
                start: 117
                end: 122
            - kind:
                Expr:
                  kind:
                    Call:
                      fun:
                        kind:
                          Variable:
                            name:
                              name: print
                              span:
                                start: 150
                                end: 155
                        span:
                          start: 150
                          end: 155
                        ty:
                          UserDefined:
                            module: "?"
                            name: "?"
                      args:
                        - kind:
                            Call:
                              fun:
                                kind:
                                  Variable:
                                    name:
                                      name: int_to_string
                                      span:
                                        start: 156
                                        end: 169
                                span:
                                  start: 156
                                  end: 169
                                ty:
                                  UserDefined:
                                    module: "?"
                                    name: "?"
                              args:
                                - kind:
                                    Variable:
                                      name:
                                        name: gold
                                        span:
                                          start: 170
                                          end: 174
                                  span:
                                    start: 170
                                    end: 174
                                  ty:
                                    UserDefined:
                                      module: "std::prelude"
                                      name: Uint64
                          span:
                            start: 156
                            end: 169
                          ty:
                            UserDefined:
                              module: "std::prelude"
                              name: String
                  span:
                    start: 150
                    end: 155
                  ty:
                    UserDefined:
                      module: "std::prelude"
                      name: ()
              span:
                start: 150
                end: 155
            - kind:
                Expr:
                  kind:
                    Call:
                      fun:
                        kind:
                          Variable:
                            name:
                              name: println
                              span:
                                start: 181
                                end: 188
                        span:
                          start: 181
                          end: 188
                        ty:
                          UserDefined:
                            module: "?"
                            name: "?"
                      args:
                        - kind:
                            Literal:
                              kind:
                                String: "\" gold at your disposal.\""
                              span:
                                start: 189
                                end: 214
                          span:
                            start: 189
                            end: 214
                          ty:
                            UserDefined:
                              module: "std::prelude"
                              name: String
                  span:
                    start: 181
                    end: 188
                  ty:
                    UserDefined:
                      module: "std::prelude"
                      name: ()
              span:
                start: 181
                end: 188
      name:
        name: main
        span:
          start: 7
          end: 11

