---
source: crates/crane/src/parser.rs
expression: parser.parse()
input_file: crates/crane/src/snapshot_inputs/function_return_types.crane
---
Ok:
  - kind:
      Use:
        prefix:
          segments:
            - ident:
                name: std
                span:
                  start: 4
                  end: 7
            - ident:
                name: int
                span:
                  start: 9
                  end: 12
            - ident:
                name: int_add
                span:
                  start: 14
                  end: 21
          span:
            start: 0
            end: 0
        kind: Single
    name:
      name: ""
      span:
        start: 0
        end: 0
  - kind:
      Use:
        prefix:
          segments:
            - ident:
                name: std
                span:
                  start: 26
                  end: 29
            - ident:
                name: int
                span:
                  start: 31
                  end: 34
            - ident:
                name: int_to_string
                span:
                  start: 36
                  end: 49
          span:
            start: 0
            end: 0
        kind: Single
    name:
      name: ""
      span:
        start: 0
        end: 0
  - kind:
      Use:
        prefix:
          segments:
            - ident:
                name: std
                span:
                  start: 54
                  end: 57
            - ident:
                name: io
                span:
                  start: 59
                  end: 61
            - ident:
                name: println
                span:
                  start: 63
                  end: 70
          span:
            start: 0
            end: 0
        kind: Single
    name:
      name: ""
      span:
        start: 0
        end: 0
  - kind:
      Fn:
        params: []
        return_ty: Unit
        body:
          - kind:
              Expr:
                kind:
                  Call:
                    fun:
                      kind:
                        Variable:
                          segments:
                            - ident:
                                name: println
                                span:
                                  start: 88
                                  end: 95
                          span:
                            start: 88
                            end: 95
                      span:
                        start: 88
                        end: 95
                    args:
                      - kind:
                          Call:
                            fun:
                              kind:
                                Variable:
                                  segments:
                                    - ident:
                                        name: int_to_string
                                        span:
                                          start: 96
                                          end: 109
                                  span:
                                    start: 96
                                    end: 109
                              span:
                                start: 96
                                end: 109
                            args:
                              - kind:
                                  Call:
                                    fun:
                                      kind:
                                        Variable:
                                          segments:
                                            - ident:
                                                name: add_10
                                                span:
                                                  start: 110
                                                  end: 116
                                          span:
                                            start: 110
                                            end: 116
                                      span:
                                        start: 110
                                        end: 116
                                    args:
                                      - kind:
                                          Literal:
                                            kind: Integer
                                            value: "5"
                                        span:
                                          start: 117
                                          end: 118
                                span:
                                  start: 110
                                  end: 116
                        span:
                          start: 96
                          end: 109
                span:
                  start: 88
                  end: 95
            span:
              start: 88
              end: 95
    name:
      name: main
      span:
        start: 75
        end: 79
  - kind:
      Fn:
        params:
          - name:
              name: n
              span:
                start: 135
                end: 136
            ty:
              kind:
                Path:
                  segments:
                    - ident:
                        name: Uint64
                        span:
                          start: 138
                          end: 144
                  span:
                    start: 138
                    end: 144
              span:
                start: 138
                end: 144
            span:
              start: 135
              end: 136
        return_ty:
          Ty:
            kind:
              Path:
                segments:
                  - ident:
                      name: Uint64
                      span:
                        start: 149
                        end: 155
                span:
                  start: 149
                  end: 155
            span:
              start: 149
              end: 155
        body:
          - kind:
              Expr:
                kind:
                  Call:
                    fun:
                      kind:
                        Variable:
                          segments:
                            - ident:
                                name: int_add
                                span:
                                  start: 162
                                  end: 169
                          span:
                            start: 162
                            end: 169
                      span:
                        start: 162
                        end: 169
                    args:
                      - kind:
                          Variable:
                            segments:
                              - ident:
                                  name: n
                                  span:
                                    start: 170
                                    end: 171
                            span:
                              start: 170
                              end: 171
                        span:
                          start: 170
                          end: 171
                      - kind:
                          Literal:
                            kind: Integer
                            value: "10"
                        span:
                          start: 173
                          end: 175
                span:
                  start: 162
                  end: 169
            span:
              start: 162
              end: 169
    name:
      name: add_10
      span:
        start: 128
        end: 134

