---
source: crates/crane/src/lexer.rs
expression: "lexer.into_iter().collect::<Vec<_>>()"
input_file: crates/crane/src/snapshot_inputs/let_bindings.crane
---
- Ok:
    kind: Ident
    lexeme: pub
    span:
      start: 0
      end: 3
- Ok:
    kind: Ident
    lexeme: fn
    span:
      start: 4
      end: 6
- Ok:
    kind: Ident
    lexeme: main
    span:
      start: 7
      end: 11
- Ok:
    kind: OpenParen
    lexeme: (
    span:
      start: 11
      end: 12
- Ok:
    kind: CloseParen
    lexeme: )
    span:
      start: 12
      end: 13
- Ok:
    kind: OpenBrace
    lexeme: "{"
    span:
      start: 14
      end: 15
- Ok:
    kind: Ident
    lexeme: let
    span:
      start: 20
      end: 23
- Ok:
    kind: Ident
    lexeme: name
    span:
      start: 24
      end: 28
- Ok:
    kind: Equal
    lexeme: "="
    span:
      start: 29
      end: 30
- Ok:
    kind: String
    lexeme: "\"Arya\""
    span:
      start: 31
      end: 37
- Ok:
    kind: Ident
    lexeme: let
    span:
      start: 42
      end: 45
- Ok:
    kind: Ident
    lexeme: gold
    span:
      start: 46
      end: 50
- Ok:
    kind: Equal
    lexeme: "="
    span:
      start: 51
      end: 52
- Ok:
    kind: Integer
    lexeme: "100"
    span:
      start: 53
      end: 56
- Ok:
    kind: Ident
    lexeme: std
    span:
      start: 62
      end: 65
- Ok:
    kind: ColonColon
    lexeme: "::"
    span:
      start: 65
      end: 67
- Ok:
    kind: Ident
    lexeme: io
    span:
      start: 67
      end: 69
- Ok:
    kind: ColonColon
    lexeme: "::"
    span:
      start: 69
      end: 71
- Ok:
    kind: Ident
    lexeme: print
    span:
      start: 71
      end: 76
- Ok:
    kind: OpenParen
    lexeme: (
    span:
      start: 76
      end: 77
- Ok:
    kind: String
    lexeme: "\"Hello, \""
    span:
      start: 77
      end: 86
- Ok:
    kind: CloseParen
    lexeme: )
    span:
      start: 86
      end: 87
- Ok:
    kind: Ident
    lexeme: std
    span:
      start: 92
      end: 95
- Ok:
    kind: ColonColon
    lexeme: "::"
    span:
      start: 95
      end: 97
- Ok:
    kind: Ident
    lexeme: io
    span:
      start: 97
      end: 99
- Ok:
    kind: ColonColon
    lexeme: "::"
    span:
      start: 99
      end: 101
- Ok:
    kind: Ident
    lexeme: print
    span:
      start: 101
      end: 106
- Ok:
    kind: OpenParen
    lexeme: (
    span:
      start: 106
      end: 107
- Ok:
    kind: Ident
    lexeme: name
    span:
      start: 107
      end: 111
- Ok:
    kind: CloseParen
    lexeme: )
    span:
      start: 111
      end: 112
- Ok:
    kind: Ident
    lexeme: std
    span:
      start: 117
      end: 120
- Ok:
    kind: ColonColon
    lexeme: "::"
    span:
      start: 120
      end: 122
- Ok:
    kind: Ident
    lexeme: io
    span:
      start: 122
      end: 124
- Ok:
    kind: ColonColon
    lexeme: "::"
    span:
      start: 124
      end: 126
- Ok:
    kind: Ident
    lexeme: println
    span:
      start: 126
      end: 133
- Ok:
    kind: OpenParen
    lexeme: (
    span:
      start: 133
      end: 134
- Ok:
    kind: String
    lexeme: "\".\""
    span:
      start: 134
      end: 137
- Ok:
    kind: CloseParen
    lexeme: )
    span:
      start: 137
      end: 138
- Ok:
    kind: Ident
    lexeme: std
    span:
      start: 144
      end: 147
- Ok:
    kind: ColonColon
    lexeme: "::"
    span:
      start: 147
      end: 149
- Ok:
    kind: Ident
    lexeme: io
    span:
      start: 149
      end: 151
- Ok:
    kind: ColonColon
    lexeme: "::"
    span:
      start: 151
      end: 153
- Ok:
    kind: Ident
    lexeme: print
    span:
      start: 153
      end: 158
- Ok:
    kind: OpenParen
    lexeme: (
    span:
      start: 158
      end: 159
- Ok:
    kind: String
    lexeme: "\"You currently have \""
    span:
      start: 159
      end: 180
- Ok:
    kind: CloseParen
    lexeme: )
    span:
      start: 180
      end: 181
- Ok:
    kind: Ident
    lexeme: std
    span:
      start: 186
      end: 189
- Ok:
    kind: ColonColon
    lexeme: "::"
    span:
      start: 189
      end: 191
- Ok:
    kind: Ident
    lexeme: io
    span:
      start: 191
      end: 193
- Ok:
    kind: ColonColon
    lexeme: "::"
    span:
      start: 193
      end: 195
- Ok:
    kind: Ident
    lexeme: print
    span:
      start: 195
      end: 200
- Ok:
    kind: OpenParen
    lexeme: (
    span:
      start: 200
      end: 201
- Ok:
    kind: Ident
    lexeme: int_to_string
    span:
      start: 201
      end: 214
- Ok:
    kind: OpenParen
    lexeme: (
    span:
      start: 214
      end: 215
- Ok:
    kind: Ident
    lexeme: gold
    span:
      start: 215
      end: 219
- Ok:
    kind: CloseParen
    lexeme: )
    span:
      start: 219
      end: 220
- Ok:
    kind: CloseParen
    lexeme: )
    span:
      start: 220
      end: 221
- Ok:
    kind: Ident
    lexeme: std
    span:
      start: 226
      end: 229
- Ok:
    kind: ColonColon
    lexeme: "::"
    span:
      start: 229
      end: 231
- Ok:
    kind: Ident
    lexeme: io
    span:
      start: 231
      end: 233
- Ok:
    kind: ColonColon
    lexeme: "::"
    span:
      start: 233
      end: 235
- Ok:
    kind: Ident
    lexeme: println
    span:
      start: 235
      end: 242
- Ok:
    kind: OpenParen
    lexeme: (
    span:
      start: 242
      end: 243
- Ok:
    kind: String
    lexeme: "\" gold at your disposal.\""
    span:
      start: 243
      end: 268
- Ok:
    kind: CloseParen
    lexeme: )
    span:
      start: 268
      end: 269
- Ok:
    kind: CloseBrace
    lexeme: "}"
    span:
      start: 270
      end: 271

