---
source: crates/crane/src/parser.rs
expression: parser.parse()
input_file: crates/crane/src/snapshot_inputs/hello_world.crane
---
Ok:
  - kind:
      Fn:
        params: []
        return_ty: ~
        body:
          - kind:
              Expr:
                kind:
                  Call:
                    fun:
                      kind:
                        Variable:
                          name:
                            name: println
                            span:
                              start: 70
                              end: 77
                      span:
                        start: 70
                        end: 77
                    args:
                      - kind:
                          Literal:
                            kind: String
                            value: "\"Hello, world!\""
                        span:
                          start: 78
                          end: 93
                span:
                  start: 70
                  end: 77
            span:
              start: 70
              end: 77
    name:
      name: main
      span:
        start: 57
        end: 61

