---
source: crates/crane/src/lexer.rs
expression: "lexer.into_iter().collect::<Vec<_>>()"
input_file: crates/crane/src/snapshot_inputs/functions.crane
---
- Ok:
    kind: Ident
    lexeme: pub
    span:
      start: 0
      end: 3
- Ok:
    kind: Ident
    lexeme: fn
    span:
      start: 4
      end: 6
- Ok:
    kind: Ident
    lexeme: main
    span:
      start: 7
      end: 11
- Ok:
    kind: OpenParen
    lexeme: (
    span:
      start: 11
      end: 12
- Ok:
    kind: CloseParen
    lexeme: )
    span:
      start: 12
      end: 13
- Ok:
    kind: OpenBrace
    lexeme: "{"
    span:
      start: 14
      end: 15
- Ok:
    kind: Ident
    lexeme: say_hello
    span:
      start: 20
      end: 29
- Ok:
    kind: OpenParen
    lexeme: (
    span:
      start: 29
      end: 30
- Ok:
    kind: CloseParen
    lexeme: )
    span:
      start: 30
      end: 31
- Ok:
    kind: Ident
    lexeme: say_goodbye
    span:
      start: 36
      end: 47
- Ok:
    kind: OpenParen
    lexeme: (
    span:
      start: 47
      end: 48
- Ok:
    kind: CloseParen
    lexeme: )
    span:
      start: 48
      end: 49
- Ok:
    kind: CloseBrace
    lexeme: "}"
    span:
      start: 50
      end: 51
- Ok:
    kind: Ident
    lexeme: fn
    span:
      start: 53
      end: 55
- Ok:
    kind: Ident
    lexeme: say_hello
    span:
      start: 56
      end: 65
- Ok:
    kind: OpenParen
    lexeme: (
    span:
      start: 65
      end: 66
- Ok:
    kind: CloseParen
    lexeme: )
    span:
      start: 66
      end: 67
- Ok:
    kind: OpenBrace
    lexeme: "{"
    span:
      start: 68
      end: 69
- Ok:
    kind: Ident
    lexeme: std
    span:
      start: 74
      end: 77
- Ok:
    kind: ColonColon
    lexeme: "::"
    span:
      start: 77
      end: 79
- Ok:
    kind: Ident
    lexeme: io
    span:
      start: 79
      end: 81
- Ok:
    kind: ColonColon
    lexeme: "::"
    span:
      start: 81
      end: 83
- Ok:
    kind: Ident
    lexeme: println
    span:
      start: 83
      end: 90
- Ok:
    kind: OpenParen
    lexeme: (
    span:
      start: 90
      end: 91
- Ok:
    kind: String
    lexeme: "\"Hello\""
    span:
      start: 91
      end: 98
- Ok:
    kind: CloseParen
    lexeme: )
    span:
      start: 98
      end: 99
- Ok:
    kind: CloseBrace
    lexeme: "}"
    span:
      start: 100
      end: 101
- Ok:
    kind: Ident
    lexeme: fn
    span:
      start: 103
      end: 105
- Ok:
    kind: Ident
    lexeme: say_goodbye
    span:
      start: 106
      end: 117
- Ok:
    kind: OpenParen
    lexeme: (
    span:
      start: 117
      end: 118
- Ok:
    kind: CloseParen
    lexeme: )
    span:
      start: 118
      end: 119
- Ok:
    kind: OpenBrace
    lexeme: "{"
    span:
      start: 120
      end: 121
- Ok:
    kind: Ident
    lexeme: std
    span:
      start: 126
      end: 129
- Ok:
    kind: ColonColon
    lexeme: "::"
    span:
      start: 129
      end: 131
- Ok:
    kind: Ident
    lexeme: io
    span:
      start: 131
      end: 133
- Ok:
    kind: ColonColon
    lexeme: "::"
    span:
      start: 133
      end: 135
- Ok:
    kind: Ident
    lexeme: println
    span:
      start: 135
      end: 142
- Ok:
    kind: OpenParen
    lexeme: (
    span:
      start: 142
      end: 143
- Ok:
    kind: String
    lexeme: "\"Goodbye\""
    span:
      start: 143
      end: 152
- Ok:
    kind: CloseParen
    lexeme: )
    span:
      start: 152
      end: 153
- Ok:
    kind: CloseBrace
    lexeme: "}"
    span:
      start: 154
      end: 155

