---
source: crates/crane/src/typer.rs
expression: typer.type_check_package(package)
input_file: crates/crane/src/snapshot_inputs/hello_world.crane
---
Ok:
  modules:
    - items:
        - kind: Use
          name:
            name: ""
            span:
              start: 0
              end: 0
        - kind:
            Fn:
              params: []
              return_ty:
                UserDefined:
                  module: "std::prelude"
                  name: ()
              body:
                - kind:
                    Expr:
                      kind:
                        Call:
                          fun:
                            kind:
                              Variable:
                                segments:
                                  - ident:
                                      name: std
                                      span:
                                        start: 4
                                        end: 7
                                  - ident:
                                      name: io
                                      span:
                                        start: 9
                                        end: 11
                                  - ident:
                                      name: println
                                      span:
                                        start: 13
                                        end: 20
                                span:
                                  start: 13
                                  end: 20
                            span:
                              start: 42
                              end: 49
                            ty:
                              UserDefined:
                                module: "?"
                                name: "?"
                          args:
                            - kind:
                                Literal:
                                  kind:
                                    String: "\"Hello, world!\""
                                  span:
                                    start: 50
                                    end: 65
                              span:
                                start: 50
                                end: 65
                              ty:
                                UserDefined:
                                  module: "std::prelude"
                                  name: String
                      span:
                        start: 42
                        end: 49
                      ty:
                        UserDefined:
                          module: "std::prelude"
                          name: ()
                  span:
                    start: 42
                    end: 49
              path:
                segments:
                  - ident:
                      name: main
                      span:
                        start: 29
                        end: 33
                span:
                  start: 29
                  end: 33
          name:
            name: main
            span:
              start: 29
              end: 33

