---
source: crates/crane/src/lexer.rs
expression: "lexer.into_iter().collect::<Vec<_>>()"
input_file: crates/crane/src/snapshot_inputs/functions.crane
---
- Ok:
    kind: Ident
    lexeme: use
    span:
      start: 0
      end: 3
- Ok:
    kind: Ident
    lexeme: std
    span:
      start: 4
      end: 7
- Ok:
    kind: ColonColon
    lexeme: "::"
    span:
      start: 7
      end: 9
- Ok:
    kind: Ident
    lexeme: io
    span:
      start: 9
      end: 11
- Ok:
    kind: ColonColon
    lexeme: "::"
    span:
      start: 11
      end: 13
- Ok:
    kind: Ident
    lexeme: println
    span:
      start: 13
      end: 20
- Ok:
    kind: Ident
    lexeme: pub
    span:
      start: 22
      end: 25
- Ok:
    kind: Ident
    lexeme: fn
    span:
      start: 26
      end: 28
- Ok:
    kind: Ident
    lexeme: main
    span:
      start: 29
      end: 33
- Ok:
    kind: OpenParen
    lexeme: (
    span:
      start: 33
      end: 34
- Ok:
    kind: CloseParen
    lexeme: )
    span:
      start: 34
      end: 35
- Ok:
    kind: OpenBrace
    lexeme: "{"
    span:
      start: 36
      end: 37
- Ok:
    kind: Ident
    lexeme: say_hello
    span:
      start: 42
      end: 51
- Ok:
    kind: OpenParen
    lexeme: (
    span:
      start: 51
      end: 52
- Ok:
    kind: CloseParen
    lexeme: )
    span:
      start: 52
      end: 53
- Ok:
    kind: Ident
    lexeme: say_goodbye
    span:
      start: 58
      end: 69
- Ok:
    kind: OpenParen
    lexeme: (
    span:
      start: 69
      end: 70
- Ok:
    kind: CloseParen
    lexeme: )
    span:
      start: 70
      end: 71
- Ok:
    kind: CloseBrace
    lexeme: "}"
    span:
      start: 72
      end: 73
- Ok:
    kind: Ident
    lexeme: fn
    span:
      start: 75
      end: 77
- Ok:
    kind: Ident
    lexeme: say_hello
    span:
      start: 78
      end: 87
- Ok:
    kind: OpenParen
    lexeme: (
    span:
      start: 87
      end: 88
- Ok:
    kind: CloseParen
    lexeme: )
    span:
      start: 88
      end: 89
- Ok:
    kind: OpenBrace
    lexeme: "{"
    span:
      start: 90
      end: 91
- Ok:
    kind: Ident
    lexeme: println
    span:
      start: 96
      end: 103
- Ok:
    kind: OpenParen
    lexeme: (
    span:
      start: 103
      end: 104
- Ok:
    kind: String
    lexeme: "\"Hello\""
    span:
      start: 104
      end: 111
- Ok:
    kind: CloseParen
    lexeme: )
    span:
      start: 111
      end: 112
- Ok:
    kind: CloseBrace
    lexeme: "}"
    span:
      start: 113
      end: 114
- Ok:
    kind: Ident
    lexeme: fn
    span:
      start: 116
      end: 118
- Ok:
    kind: Ident
    lexeme: say_goodbye
    span:
      start: 119
      end: 130
- Ok:
    kind: OpenParen
    lexeme: (
    span:
      start: 130
      end: 131
- Ok:
    kind: CloseParen
    lexeme: )
    span:
      start: 131
      end: 132
- Ok:
    kind: OpenBrace
    lexeme: "{"
    span:
      start: 133
      end: 134
- Ok:
    kind: Ident
    lexeme: println
    span:
      start: 139
      end: 146
- Ok:
    kind: OpenParen
    lexeme: (
    span:
      start: 146
      end: 147
- Ok:
    kind: String
    lexeme: "\"Goodbye\""
    span:
      start: 147
      end: 156
- Ok:
    kind: CloseParen
    lexeme: )
    span:
      start: 156
      end: 157
- Ok:
    kind: CloseBrace
    lexeme: "}"
    span:
      start: 158
      end: 159

