---
source: crates/crane/src/typer.rs
expression: typer.type_check_package(package)
input_file: crates/crane/src/snapshot_inputs/let_bindings.crane
---
Ok:
  modules:
    - items:
        - kind: Use
          name:
            name: ""
            span:
              start: 0
              end: 0
        - kind: Use
          name:
            name: ""
            span:
              start: 0
              end: 0
        - kind: Use
          name:
            name: ""
            span:
              start: 0
              end: 0
        - kind:
            Fn:
              params: []
              return_ty:
                UserDefined:
                  module: "std::prelude"
                  name: ()
              body:
                - kind:
                    Local:
                      kind:
                        Init:
                          kind:
                            Literal:
                              kind:
                                String: "\"Arya\""
                              span:
                                start: 100
                                end: 106
                          span:
                            start: 100
                            end: 106
                          ty:
                            UserDefined:
                              module: "std::prelude"
                              name: String
                      name:
                        name: name
                        span:
                          start: 93
                          end: 97
                      ty:
                        UserDefined:
                          module: "std::prelude"
                          name: String
                      span:
                        start: 93
                        end: 97
                  span:
                    start: 93
                    end: 97
                - kind:
                    Local:
                      kind:
                        Init:
                          kind:
                            Literal:
                              kind:
                                Integer:
                                  Unsigned:
                                    - 100
                                    - Uint64
                              span:
                                start: 122
                                end: 125
                          span:
                            start: 122
                            end: 125
                          ty:
                            UserDefined:
                              module: "std::prelude"
                              name: Uint64
                      name:
                        name: gold
                        span:
                          start: 115
                          end: 119
                      ty:
                        UserDefined:
                          module: "std::prelude"
                          name: Uint64
                      span:
                        start: 115
                        end: 119
                  span:
                    start: 115
                    end: 119
                - kind:
                    Expr:
                      kind:
                        Call:
                          fun:
                            kind:
                              Variable:
                                segments:
                                  - ident:
                                      name: std
                                      span:
                                        start: 32
                                        end: 35
                                  - ident:
                                      name: io
                                      span:
                                        start: 37
                                        end: 39
                                  - ident:
                                      name: print
                                      span:
                                        start: 41
                                        end: 46
                                span:
                                  start: 41
                                  end: 46
                            span:
                              start: 131
                              end: 136
                            ty:
                              UserDefined:
                                module: "?"
                                name: "?"
                          args:
                            - kind:
                                Literal:
                                  kind:
                                    String: "\"Hello, \""
                                  span:
                                    start: 137
                                    end: 146
                              span:
                                start: 137
                                end: 146
                              ty:
                                UserDefined:
                                  module: "std::prelude"
                                  name: String
                      span:
                        start: 131
                        end: 136
                      ty:
                        UserDefined:
                          module: "std::prelude"
                          name: ()
                  span:
                    start: 131
                    end: 136
                - kind:
                    Expr:
                      kind:
                        Call:
                          fun:
                            kind:
                              Variable:
                                segments:
                                  - ident:
                                      name: std
                                      span:
                                        start: 32
                                        end: 35
                                  - ident:
                                      name: io
                                      span:
                                        start: 37
                                        end: 39
                                  - ident:
                                      name: print
                                      span:
                                        start: 41
                                        end: 46
                                span:
                                  start: 41
                                  end: 46
                            span:
                              start: 152
                              end: 157
                            ty:
                              UserDefined:
                                module: "?"
                                name: "?"
                          args:
                            - kind:
                                Variable:
                                  segments:
                                    - ident:
                                        name: name
                                        span:
                                          start: 158
                                          end: 162
                                  span:
                                    start: 158
                                    end: 162
                              span:
                                start: 158
                                end: 162
                              ty:
                                UserDefined:
                                  module: "std::prelude"
                                  name: String
                      span:
                        start: 152
                        end: 157
                      ty:
                        UserDefined:
                          module: "std::prelude"
                          name: ()
                  span:
                    start: 152
                    end: 157
                - kind:
                    Expr:
                      kind:
                        Call:
                          fun:
                            kind:
                              Variable:
                                segments:
                                  - ident:
                                      name: std
                                      span:
                                        start: 51
                                        end: 54
                                  - ident:
                                      name: io
                                      span:
                                        start: 56
                                        end: 58
                                  - ident:
                                      name: println
                                      span:
                                        start: 60
                                        end: 67
                                span:
                                  start: 60
                                  end: 67
                            span:
                              start: 168
                              end: 175
                            ty:
                              UserDefined:
                                module: "?"
                                name: "?"
                          args:
                            - kind:
                                Literal:
                                  kind:
                                    String: "\".\""
                                  span:
                                    start: 176
                                    end: 179
                              span:
                                start: 176
                                end: 179
                              ty:
                                UserDefined:
                                  module: "std::prelude"
                                  name: String
                      span:
                        start: 168
                        end: 175
                      ty:
                        UserDefined:
                          module: "std::prelude"
                          name: ()
                  span:
                    start: 168
                    end: 175
                - kind:
                    Expr:
                      kind:
                        Call:
                          fun:
                            kind:
                              Variable:
                                segments:
                                  - ident:
                                      name: std
                                      span:
                                        start: 32
                                        end: 35
                                  - ident:
                                      name: io
                                      span:
                                        start: 37
                                        end: 39
                                  - ident:
                                      name: print
                                      span:
                                        start: 41
                                        end: 46
                                span:
                                  start: 41
                                  end: 46
                            span:
                              start: 186
                              end: 191
                            ty:
                              UserDefined:
                                module: "?"
                                name: "?"
                          args:
                            - kind:
                                Literal:
                                  kind:
                                    String: "\"You currently have \""
                                  span:
                                    start: 192
                                    end: 213
                              span:
                                start: 192
                                end: 213
                              ty:
                                UserDefined:
                                  module: "std::prelude"
                                  name: String
                      span:
                        start: 186
                        end: 191
                      ty:
                        UserDefined:
                          module: "std::prelude"
                          name: ()
                  span:
                    start: 186
                    end: 191
                - kind:
                    Expr:
                      kind:
                        Call:
                          fun:
                            kind:
                              Variable:
                                segments:
                                  - ident:
                                      name: std
                                      span:
                                        start: 32
                                        end: 35
                                  - ident:
                                      name: io
                                      span:
                                        start: 37
                                        end: 39
                                  - ident:
                                      name: print
                                      span:
                                        start: 41
                                        end: 46
                                span:
                                  start: 41
                                  end: 46
                            span:
                              start: 219
                              end: 224
                            ty:
                              UserDefined:
                                module: "?"
                                name: "?"
                          args:
                            - kind:
                                Call:
                                  fun:
                                    kind:
                                      Variable:
                                        segments:
                                          - ident:
                                              name: std
                                              span:
                                                start: 4
                                                end: 7
                                          - ident:
                                              name: int
                                              span:
                                                start: 9
                                                end: 12
                                          - ident:
                                              name: int_to_string
                                              span:
                                                start: 14
                                                end: 27
                                        span:
                                          start: 14
                                          end: 27
                                    span:
                                      start: 225
                                      end: 238
                                    ty:
                                      UserDefined:
                                        module: "?"
                                        name: "?"
                                  args:
                                    - kind:
                                        Variable:
                                          segments:
                                            - ident:
                                                name: gold
                                                span:
                                                  start: 239
                                                  end: 243
                                          span:
                                            start: 239
                                            end: 243
                                      span:
                                        start: 239
                                        end: 243
                                      ty:
                                        UserDefined:
                                          module: "std::prelude"
                                          name: Uint64
                              span:
                                start: 225
                                end: 238
                              ty:
                                UserDefined:
                                  module: "std::prelude"
                                  name: String
                      span:
                        start: 219
                        end: 224
                      ty:
                        UserDefined:
                          module: "std::prelude"
                          name: ()
                  span:
                    start: 219
                    end: 224
                - kind:
                    Expr:
                      kind:
                        Call:
                          fun:
                            kind:
                              Variable:
                                segments:
                                  - ident:
                                      name: std
                                      span:
                                        start: 51
                                        end: 54
                                  - ident:
                                      name: io
                                      span:
                                        start: 56
                                        end: 58
                                  - ident:
                                      name: println
                                      span:
                                        start: 60
                                        end: 67
                                span:
                                  start: 60
                                  end: 67
                            span:
                              start: 250
                              end: 257
                            ty:
                              UserDefined:
                                module: "?"
                                name: "?"
                          args:
                            - kind:
                                Literal:
                                  kind:
                                    String: "\" gold at your disposal.\""
                                  span:
                                    start: 258
                                    end: 283
                              span:
                                start: 258
                                end: 283
                              ty:
                                UserDefined:
                                  module: "std::prelude"
                                  name: String
                      span:
                        start: 250
                        end: 257
                      ty:
                        UserDefined:
                          module: "std::prelude"
                          name: ()
                  span:
                    start: 250
                    end: 257
              path:
                segments:
                  - ident:
                      name: main
                      span:
                        start: 76
                        end: 80
                span:
                  start: 76
                  end: 80
          name:
            name: main
            span:
              start: 76
              end: 80

