---
source: crates/crane/src/parser.rs
expression: parser.parse()
input_file: crates/crane/src/snapshot_inputs/hello_world.crane
---
Ok:
  - kind:
      Fn:
        params: []
        return_ty: ~
        body:
          - kind:
              Expr:
                kind:
                  Call:
                    fun:
                      kind:
                        Variable:
                          segments:
                            - ident:
                                name: std
                                span:
                                  start: 70
                                  end: 73
                            - ident:
                                name: io
                                span:
                                  start: 75
                                  end: 77
                            - ident:
                                name: println
                                span:
                                  start: 79
                                  end: 86
                          span:
                            start: 70
                            end: 86
                      span:
                        start: 70
                        end: 86
                    args:
                      - kind:
                          Literal:
                            kind: String
                            value: "\"Hello, world!\""
                        span:
                          start: 87
                          end: 102
                span:
                  start: 70
                  end: 86
            span:
              start: 70
              end: 86
    name:
      name: main
      span:
        start: 57
        end: 61

