---
source: crates/crane/src/parser.rs
expression: parser.parse()
input_file: crates/crane/src/snapshot_inputs/function_return_types.crane
---
Ok:
  - kind:
      Fn:
        params: []
        return_ty: ~
        body:
          - kind:
              Expr:
                kind:
                  Call:
                    fun:
                      kind:
                        Variable:
                          segments:
                            - ident:
                                name: std
                                span:
                                  start: 16
                                  end: 19
                            - ident:
                                name: io
                                span:
                                  start: 21
                                  end: 23
                            - ident:
                                name: println
                                span:
                                  start: 25
                                  end: 32
                          span:
                            start: 16
                            end: 32
                      span:
                        start: 16
                        end: 32
                    args:
                      - kind:
                          Call:
                            fun:
                              kind:
                                Variable:
                                  segments:
                                    - ident:
                                        name: std
                                        span:
                                          start: 33
                                          end: 36
                                    - ident:
                                        name: int
                                        span:
                                          start: 38
                                          end: 41
                                    - ident:
                                        name: int_to_string
                                        span:
                                          start: 43
                                          end: 56
                                  span:
                                    start: 33
                                    end: 56
                              span:
                                start: 33
                                end: 56
                            args:
                              - kind:
                                  Call:
                                    fun:
                                      kind:
                                        Variable:
                                          segments:
                                            - ident:
                                                name: add_10
                                                span:
                                                  start: 57
                                                  end: 63
                                          span:
                                            start: 57
                                            end: 63
                                      span:
                                        start: 57
                                        end: 63
                                    args:
                                      - kind:
                                          Literal:
                                            kind: Integer
                                            value: "5"
                                        span:
                                          start: 64
                                          end: 65
                                span:
                                  start: 57
                                  end: 63
                        span:
                          start: 33
                          end: 56
                span:
                  start: 16
                  end: 32
            span:
              start: 16
              end: 32
    name:
      name: main
      span:
        start: 3
        end: 7
  - kind:
      Fn:
        params:
          - name:
              name: n
              span:
                start: 82
                end: 83
            ty:
              name: Uint64
              span:
                start: 85
                end: 91
            span:
              start: 82
              end: 83
        return_ty:
          name: Uint64
          span:
            start: 96
            end: 102
        body:
          - kind:
              Expr:
                kind:
                  Call:
                    fun:
                      kind:
                        Variable:
                          segments:
                            - ident:
                                name: std
                                span:
                                  start: 109
                                  end: 112
                            - ident:
                                name: int
                                span:
                                  start: 114
                                  end: 117
                            - ident:
                                name: int_add
                                span:
                                  start: 119
                                  end: 126
                          span:
                            start: 109
                            end: 126
                      span:
                        start: 109
                        end: 126
                    args:
                      - kind:
                          Variable:
                            segments:
                              - ident:
                                  name: n
                                  span:
                                    start: 127
                                    end: 128
                            span:
                              start: 127
                              end: 128
                        span:
                          start: 127
                          end: 128
                      - kind:
                          Literal:
                            kind: Integer
                            value: "10"
                        span:
                          start: 130
                          end: 132
                span:
                  start: 109
                  end: 126
            span:
              start: 109
              end: 126
    name:
      name: add_10
      span:
        start: 75
        end: 81

